D:\POO2024G1Jin\SysAlmacenVC\src\main\java\pe\edu\upeu\syscenterlife\componentes\FondoPanel.java
D:\POO2024G1Jin\SysAlmacenVC\src\main\java\pe\edu\upeu\syscenterlife\servicio\VentCarritoService.java
D:\POO2024G1Jin\SysAlmacenVC\src\main\java\pe\edu\upeu\syscenterlife\SysAlmacenVcApplication.java
D:\POO2024G1Jin\SysAlmacenVC\src\main\java\pe\edu\upeu\syscenterlife\gui\MainCliente.java
D:\POO2024G1Jin\SysAlmacenVC\src\main\java\pe\edu\upeu\syscenterlife\modelo\VentaDetalle.java
D:\POO2024G1Jin\SysAlmacenVC\src\main\java\pe\edu\upeu\syscenterlife\modelo\CompCarrito.java
D:\POO2024G1Jin\SysAlmacenVC\src\main\java\pe\edu\upeu\syscenterlife\servicio\CompraService.java
D:\POO2024G1Jin\SysAlmacenVC\src\main\java\pe\edu\upeu\syscenterlife\modelo\Marca.java
D:\POO2024G1Jin\SysAlmacenVC\src\main\java\pe\edu\upeu\syscenterlife\componentes\MyTextField.java
D:\POO2024G1Jin\SysAlmacenVC\src\main\java\pe\edu\upeu\syscenterlife\modelo\Emisor.java
D:\POO2024G1Jin\SysAlmacenVC\src\main\java\pe\edu\upeu\syscenterlife\servicio\CompCarritoService.java
D:\POO2024G1Jin\SysAlmacenVC\src\main\java\pe\edu\upeu\syscenterlife\modelo\VentCarrito.java
D:\POO2024G1Jin\SysAlmacenVC\src\main\java\pe\edu\upeu\syscenterlife\servicio\VentaDetalleService.java
D:\POO2024G1Jin\SysAlmacenVC\src\main\java\pe\edu\upeu\syscenterlife\modelo\Compra.java
D:\POO2024G1Jin\SysAlmacenVC\src\main\java\pe\edu\upeu\syscenterlife\modelo\Categoria.java
D:\POO2024G1Jin\SysAlmacenVC\src\main\java\pe\edu\upeu\syscenterlife\componentes\MyPasswordField.java
D:\POO2024G1Jin\SysAlmacenVC\src\main\java\pe\edu\upeu\syscenterlife\modelo\SessionManager.java
D:\POO2024G1Jin\SysAlmacenVC\src\main\java\pe\edu\upeu\syscenterlife\servicio\ClienteService.java
D:\POO2024G1Jin\SysAlmacenVC\src\main\java\pe\edu\upeu\syscenterlife\componentes\ToastMsg.java
D:\POO2024G1Jin\SysAlmacenVC\src\main\java\pe\edu\upeu\syscenterlife\modelo\UnidMedida.java
D:\POO2024G1Jin\SysAlmacenVC\src\main\java\pe\edu\upeu\syscenterlife\servicio\EmisorService.java
D:\POO2024G1Jin\SysAlmacenVC\src\main\java\pe\edu\upeu\syscenterlife\servicio\MarcaService.java
D:\POO2024G1Jin\SysAlmacenVC\src\main\java\pe\edu\upeu\syscenterlife\repositorio\ProveedorRepository.java
D:\POO2024G1Jin\SysAlmacenVC\src\main\java\pe\edu\upeu\syscenterlife\repositorio\PerfilRepository.java
D:\POO2024G1Jin\SysAlmacenVC\src\main\java\pe\edu\upeu\syscenterlife\modelo\CompraDetalle.java
D:\POO2024G1Jin\SysAlmacenVC\src\main\java\pe\edu\upeu\syscenterlife\servicio\CompraDetalleService.java
D:\POO2024G1Jin\SysAlmacenVC\src\main\java\pe\edu\upeu\syscenterlife\modelo\Perfil.java
D:\POO2024G1Jin\SysAlmacenVC\src\main\java\pe\edu\upeu\syscenterlife\modelo\Venta.java
D:\POO2024G1Jin\SysAlmacenVC\src\main\java\pe\edu\upeu\syscenterlife\componentes\JHintTextField.java
D:\POO2024G1Jin\SysAlmacenVC\src\main\java\pe\edu\upeu\syscenterlife\repositorio\ClienteRepository.java
D:\POO2024G1Jin\SysAlmacenVC\src\main\java\pe\edu\upeu\syscenterlife\gui\Login.java
D:\POO2024G1Jin\SysAlmacenVC\src\main\java\pe\edu\upeu\syscenterlife\repositorio\CompraDetalleRepository.java
D:\POO2024G1Jin\SysAlmacenVC\src\main\java\pe\edu\upeu\syscenterlife\modelo\Usuario.java
D:\POO2024G1Jin\SysAlmacenVC\src\main\java\pe\edu\upeu\syscenterlife\modelo\MenuMenuItenTO.java
D:\POO2024G1Jin\SysAlmacenVC\src\main\java\pe\edu\upeu\syscenterlife\servicio\UnidMedidaService.java
D:\POO2024G1Jin\SysAlmacenVC\src\main\java\pe\edu\upeu\syscenterlife\servicio\VentaService.java
D:\POO2024G1Jin\SysAlmacenVC\src\main\java\pe\edu\upeu\syscenterlife\util\MsgBox.java
D:\POO2024G1Jin\SysAlmacenVC\src\main\java\pe\edu\upeu\syscenterlife\modelo\Cliente.java
D:\POO2024G1Jin\SysAlmacenVC\src\main\java\pe\edu\upeu\syscenterlife\util\UtilsX.java
D:\POO2024G1Jin\SysAlmacenVC\src\main\java\pe\edu\upeu\syscenterlife\modelo\Producto.java
D:\POO2024G1Jin\SysAlmacenVC\src\main\java\pe\edu\upeu\syscenterlife\repositorio\VentaRepository.java
D:\POO2024G1Jin\SysAlmacenVC\src\main\java\pe\edu\upeu\syscenterlife\repositorio\CompCarritoRepository.java
D:\POO2024G1Jin\SysAlmacenVC\src\main\java\pe\edu\upeu\syscenterlife\repositorio\UnidMedidaRepository.java
D:\POO2024G1Jin\SysAlmacenVC\src\main\java\pe\edu\upeu\syscenterlife\repositorio\VentaDetalleRepository.java
D:\POO2024G1Jin\SysAlmacenVC\src\main\java\pe\edu\upeu\syscenterlife\servicio\UsuarioService.java
D:\POO2024G1Jin\SysAlmacenVC\src\main\java\pe\edu\upeu\syscenterlife\servicio\CategoriaService.java
D:\POO2024G1Jin\SysAlmacenVC\src\main\java\pe\edu\upeu\syscenterlife\repositorio\CategoriaRepository.java
D:\POO2024G1Jin\SysAlmacenVC\src\main\java\pe\edu\upeu\syscenterlife\servicio\MenuMenuItemDao.java
D:\POO2024G1Jin\SysAlmacenVC\src\main\java\pe\edu\upeu\syscenterlife\componentes\PanelBorder.java
D:\POO2024G1Jin\SysAlmacenVC\src\main\java\pe\edu\upeu\syscenterlife\servicio\MenuMenuItemDaoI.java
D:\POO2024G1Jin\SysAlmacenVC\src\main\java\pe\edu\upeu\syscenterlife\util\ErrorLogger.java
D:\POO2024G1Jin\SysAlmacenVC\src\main\java\pe\edu\upeu\syscenterlife\repositorio\UsuarioRepository.java
D:\POO2024G1Jin\SysAlmacenVC\src\main\java\pe\edu\upeu\syscenterlife\repositorio\MarcaRepository.java
D:\POO2024G1Jin\SysAlmacenVC\src\main\java\pe\edu\upeu\syscenterlife\repositorio\CompraRepository.java
D:\POO2024G1Jin\SysAlmacenVC\src\main\java\pe\edu\upeu\syscenterlife\componentes\ButtonOutLine.java
D:\POO2024G1Jin\SysAlmacenVC\src\main\java\pe\edu\upeu\syscenterlife\servicio\ProveedorService.java
D:\POO2024G1Jin\SysAlmacenVC\src\main\java\pe\edu\upeu\syscenterlife\repositorio\ProductoRepository.java
D:\POO2024G1Jin\SysAlmacenVC\src\main\java\pe\edu\upeu\syscenterlife\componentes\Button.java
D:\POO2024G1Jin\SysAlmacenVC\src\main\java\pe\edu\upeu\syscenterlife\repositorio\VentCarritoRepository.java
D:\POO2024G1Jin\SysAlmacenVC\src\main\java\pe\edu\upeu\syscenterlife\modelo\Proveedor.java
D:\POO2024G1Jin\SysAlmacenVC\src\main\java\pe\edu\upeu\syscenterlife\repositorio\EmisorRepository.java
D:\POO2024G1Jin\SysAlmacenVC\src\main\java\pe\edu\upeu\syscenterlife\gui\GUIMain.java
D:\POO2024G1Jin\SysAlmacenVC\src\main\java\pe\edu\upeu\syscenterlife\servicio\ProductoService.java
D:\POO2024G1Jin\SysAlmacenVC\src\main\java\pe\edu\upeu\syscenterlife\servicio\PerfilService.java
